[
  {
    "email": "andrew@chinookcorp.com",
    "firstName": "Andrew",
    "lastName": "Adams",
    "title": "General Manager",
    "birthDate": "1962-02-18",
    "hireDate": "2002-08-14",
    "address": "11120 Jasper Ave NW",
    "city": "Edmonton",
    "postalCode": "T5K 2N1",
    "state": "AB",
    "country": "Canada",
    "phone": "+1 (780) 428-9482",
    "fax": "+1 (780) 428-3457",
    "id": 1,
    "reporters#id": [
      2,
      6
    ]
  },
  {
    "email": "nancy@chinookcorp.com",
    "firstName": "Nancy",
    "lastName": "Edwards",
    "title": "Sales Manager",
    "birthDate": "1958-12-08",
    "hireDate": "2002-05-01",
    "address": "825 8 Ave SW",
    "city": "Calgary",
    "postalCode": "T2P 2T3",
    "state": "AB",
    "country": "Canada",
    "phone": "+1 (403) 262-3443",
    "fax": "+1 (403) 262-3322",
    "id": 2,
    "reportsTo#id": 1,
    "reporters#id": [
      3,
      4,
      5
    ]
  },
  {
    "email": "jane@chinookcorp.com",
    "firstName": "Jane",
    "lastName": "Peacock",
    "title": "Sales Support Agent",
    "birthDate": "1973-08-29",
    "hireDate": "2002-04-01",
    "address": "1111 6 Ave SW",
    "city": "Calgary",
    "postalCode": "T2P 5M5",
    "state": "AB",
    "country": "Canada",
    "phone": "+1 (403) 262-3443",
    "fax": "+1 (403) 262-6712",
    "id": 3,
    "reportsTo#id": 2,
    "reporters#id": []
  },
  {
    "email": "margaret@chinookcorp.com",
    "firstName": "Margaret",
    "lastName": "Park",
    "title": "Sales Support Agent",
    "birthDate": "1947-09-19",
    "hireDate": "2003-05-03",
    "address": "683 10 Street SW",
    "city": "Calgary",
    "postalCode": "T2P 5G3",
    "state": "AB",
    "country": "Canada",
    "phone": "+1 (403) 263-4423",
    "fax": "+1 (403) 263-4289",
    "id": 4,
    "reportsTo#id": 2,
    "reporters#id": []
  },
  {
    "email": "steve@chinookcorp.com",
    "firstName": "Steve",
    "lastName": "Johnson",
    "title": "Sales Support Agent",
    "birthDate": "1965-03-03",
    "hireDate": "2003-10-17",
    "address": "7727B 41 Ave",
    "city": "Calgary",
    "postalCode": "T3B 1Y7",
    "state": "AB",
    "country": "Canada",
    "phone": "1 (780) 836-9987",
    "fax": "1 (780) 836-9543",
    "id": 5,
    "reportsTo#id": 2,
    "reporters#id": []
  },
  {
    "email": "michael@chinookcorp.com",
    "firstName": "Michael",
    "lastName": "Mitchell",
    "title": "IT Manager",
    "birthDate": "1973-07-01",
    "hireDate": "2003-10-17",
    "address": "5827 Bowness Road NW",
    "city": "Calgary",
    "postalCode": "T3B 0C5",
    "state": "AB",
    "country": "Canada",
    "phone": "+1 (403) 246-9887",
    "fax": "+1 (403) 246-9899",
    "id": 6,
    "reportsTo#id": 1,
    "reporters#id": [
      7,
      8
    ]
  },
  {
    "email": "robert@chinookcorp.com",
    "firstName": "Robert",
    "lastName": "King",
    "title": "IT Staff",
    "birthDate": "1970-05-29",
    "hireDate": "2004-01-02",
    "address": "590 Columbia Boulevard West",
    "city": "Lethbridge",
    "postalCode": "T1K 5N8",
    "state": "AB",
    "country": "Canada",
    "phone": "+1 (403) 456-9986",
    "fax": "+1 (403) 456-8485",
    "id": 7,
    "reportsTo#id": 6,
    "reporters#id": []
  },
  {
    "email": "laura@chinookcorp.com",
    "firstName": "Laura",
    "lastName": "Callahan",
    "title": "IT Staff",
    "birthDate": "1968-01-09",
    "hireDate": "2004-03-04",
    "address": "923 7 ST NW",
    "city": "Lethbridge",
    "postalCode": "T1H 1Y8",
    "state": "AB",
    "country": "Canada",
    "phone": "+1 (403) 467-3351",
    "fax": "+1 (403) 467-8772",
    "id": 8,
    "reportsTo#id": 6,
    "reporters#id": []
  }
]