{
  "name": "AC/DC",
  "id": 1,
  "albums#id": [
    1,
    4
  ],
  "albums": [
    {
      "title": "For Those About To Rock We Salute You",
      "id": 1,
      "tracks#id": [
        1,
        6,
        7,
        8,
        9,
        10,
        11,
        12,
        13,
        14
      ],
      "tracks": [
        {
          "name": "For Those About To Rock (We Salute You)",
          "composer": "Angus Young, Malcolm Young, Brian Johnson",
          "milliseconds": 343719,
          "bytes": 11170334,
          "unitPrice": 0.0,
          "id": 1,
          "mediaType#id": 1,
          "genre#id": 1,
          "mediaType": {
            "name": "MPEG audio file",
            "id": 1
          },
          "genre": {
            "name": "Rock",
            "id": 1
          }
        },
        {
          "name": "Put The Finger On You",
          "composer": "Angus Young, Malcolm Young, Brian Johnson",
          "milliseconds": 205662,
          "bytes": 6713451,
          "unitPrice": 0.0,
          "id": 6,
          "mediaType#id": 1,
          "genre#id": 1,
          "mediaType": {
            "name": "MPEG audio file",
            "id": 1
          },
          "genre": {
            "name": "Rock",
            "id": 1
          }
        },
        {
          "name": "Let's Get It Up",
          "composer": "Angus Young, Malcolm Young, Brian Johnson",
          "milliseconds": 233926,
          "bytes": 7636561,
          "unitPrice": 0.0,
          "id": 7,
          "mediaType#id": 1,
          "genre#id": 1,
          "mediaType": {
            "name": "MPEG audio file",
            "id": 1
          },
          "genre": {
            "name": "Rock",
            "id": 1
          }
        },
        {
          "name": "Inject The Venom",
          "composer": "Angus Young, Malcolm Young, Brian Johnson",
          "milliseconds": 210834,
          "bytes": 6852860,
          "unitPrice": 0.0,
          "id": 8,
          "mediaType#id": 1,
          "genre#id": 1,
          "mediaType": {
            "name": "MPEG audio file",
            "id": 1
          },
          "genre": {
            "name": "Rock",
            "id": 1
          }
        },
        {
          "name": "Snowballed",
          "composer": "Angus Young, Malcolm Young, Brian Johnson",
          "milliseconds": 203102,
          "bytes": 6599424,
          "unitPrice": 0.0,
          "id": 9,
          "mediaType#id": 1,
          "genre#id": 1,
          "mediaType": {
            "name": "MPEG audio file",
            "id": 1
          },
          "genre": {
            "name": "Rock",
            "id": 1
          }
        },
        {
          "name": "Evil Walks",
          "composer": "Angus Young, Malcolm Young, Brian Johnson",
          "milliseconds": 263497,
          "bytes": 8611245,
          "unitPrice": 0.0,
          "id": 10,
          "mediaType#id": 1,
          "genre#id": 1,
          "mediaType": {
            "name": "MPEG audio file",
            "id": 1
          },
          "genre": {
            "name": "Rock",
            "id": 1
          }
        },
        {
          "name": "C.O.D.",
          "composer": "Angus Young, Malcolm Young, Brian Johnson",
          "milliseconds": 199836,
          "bytes": 6566314,
          "unitPrice": 0.0,
          "id": 11,
          "mediaType#id": 1,
          "genre#id": 1,
          "mediaType": {
            "name": "MPEG audio file",
            "id": 1
          },
          "genre": {
            "name": "Rock",
            "id": 1
          }
        },
        {
          "name": "Breaking The Rules",
          "composer": "Angus Young, Malcolm Young, Brian Johnson",
          "milliseconds": 263288,
          "bytes": 8596840,
          "unitPrice": 0.0,
          "id": 12,
          "mediaType#id": 1,
          "genre#id": 1,
          "mediaType": {
            "name": "MPEG audio file",
            "id": 1
          },
          "genre": {
            "name": "Rock",
            "id": 1
          }
        },
        {
          "name": "Night Of The Long Knives",
          "composer": "Angus Young, Malcolm Young, Brian Johnson",
          "milliseconds": 205688,
          "bytes": 6706347,
          "unitPrice": 0.0,
          "id": 13,
          "mediaType#id": 1,
          "genre#id": 1,
          "mediaType": {
            "name": "MPEG audio file",
            "id": 1
          },
          "genre": {
            "name": "Rock",
            "id": 1
          }
        },
        {
          "name": "Spellbound",
          "composer": "Angus Young, Malcolm Young, Brian Johnson",
          "milliseconds": 270863,
          "bytes": 8817038,
          "unitPrice": 0.0,
          "id": 14,
          "mediaType#id": 1,
          "genre#id": 1,
          "mediaType": {
            "name": "MPEG audio file",
            "id": 1
          },
          "genre": {
            "name": "Rock",
            "id": 1
          }
        }
      ]
    },
    {
      "title": "Let There Be Rock",
      "id": 4,
      "tracks#id": [
        16,
        17,
        18,
        19,
        20,
        21,
        22,
        15
      ],
      "tracks": [
        {
          "name": "Dog Eat Dog",
          "composer": "AC/DC",
          "milliseconds": 215196,
          "bytes": 7032162,
          "unitPrice": 0.0,
          "id": 16,
          "mediaType#id": 1,
          "genre#id": 1,
          "mediaType": {
            "name": "MPEG audio file",
            "id": 1
          },
          "genre": {
            "name": "Rock",
            "id": 1
          }
        },
        {
          "name": "Let There Be Rock",
          "composer": "AC/DC",
          "milliseconds": 366654,
          "bytes": 12021261,
          "unitPrice": 0.0,
          "id": 17,
          "mediaType#id": 1,
          "genre#id": 1,
          "mediaType": {
            "name": "MPEG audio file",
            "id": 1
          },
          "genre": {
            "name": "Rock",
            "id": 1
          }
        },
        {
          "name": "Bad Boy Boogie",
          "composer": "AC/DC",
          "milliseconds": 267728,
          "bytes": 8776140,
          "unitPrice": 0.0,
          "id": 18,
          "mediaType#id": 1,
          "genre#id": 1,
          "mediaType": {
            "name": "MPEG audio file",
            "id": 1
          },
          "genre": {
            "name": "Rock",
            "id": 1
          }
        },
        {
          "name": "Problem Child",
          "composer": "AC/DC",
          "milliseconds": 325041,
          "bytes": 10617116,
          "unitPrice": 0.0,
          "id": 19,
          "mediaType#id": 1,
          "genre#id": 1,
          "mediaType": {
            "name": "MPEG audio file",
            "id": 1
          },
          "genre": {
            "name": "Rock",
            "id": 1
          }
        },
        {
          "name": "Overdose",
          "composer": "AC/DC",
          "milliseconds": 369319,
          "bytes": 12066294,
          "unitPrice": 0.0,
          "id": 20,
          "mediaType#id": 1,
          "genre#id": 1,
          "mediaType": {
            "name": "MPEG audio file",
            "id": 1
          },
          "genre": {
            "name": "Rock",
            "id": 1
          }
        },
        {
          "name": "Hell Ain't A Bad Place To Be",
          "composer": "AC/DC",
          "milliseconds": 254380,
          "bytes": 8331286,
          "unitPrice": 0.0,
          "id": 21,
          "mediaType#id": 1,
          "genre#id": 1,
          "mediaType": {
            "name": "MPEG audio file",
            "id": 1
          },
          "genre": {
            "name": "Rock",
            "id": 1
          }
        },
        {
          "name": "Whole Lotta Rosie",
          "composer": "AC/DC",
          "milliseconds": 323761,
          "bytes": 10547154,
          "unitPrice": 0.0,
          "id": 22,
          "mediaType#id": 1,
          "genre#id": 1,
          "mediaType": {
            "name": "MPEG audio file",
            "id": 1
          },
          "genre": {
            "name": "Rock",
            "id": 1
          }
        },
        {
          "name": "Go Down",
          "composer": "AC/DC",
          "milliseconds": 331180,
          "bytes": 10847611,
          "unitPrice": 0.0,
          "id": 15,
          "mediaType#id": 1,
          "genre#id": 1,
          "mediaType": {
            "name": "MPEG audio file",
            "id": 1
          },
          "genre": {
            "name": "Rock",
            "id": 1
          }
        }
      ]
    }
  ]
}