[
  {
    "id": 1,
    "version": 1337,
    "active": true,
    "type": "FOO",
    "jopos#id": [
      11
    ],
    "others#id": [
      111
    ]
  }
]